[2021-02-11T00:15:12.744+0800][0.198s] Using Concurrent Mark Sweep
[2021-02-11T00:15:12.744+0800][0.198s] Heap address: 0x00000000e0000000, size: 512 MB, Compressed Oops mode: 32-bit
[2021-02-11T00:15:24.778+0800][12.231s] GC(0) Pause Initial Mark
[2021-02-11T00:15:24.837+0800][12.290s] GC(0) Pause Initial Mark 71M->71M(490M) 59.547ms
[2021-02-11T00:15:24.837+0800][12.290s] GC(0) User=0.03s Sys=0.00s Real=0.06s
[2021-02-11T00:15:24.837+0800][12.290s] GC(0) Concurrent Mark
[2021-02-11T00:15:24.838+0800][12.291s] GC(0) Using 4 workers of 4 for marking
[2021-02-11T00:15:24.838+0800][12.291s] GC(0) Concurrent Mark 0.714ms
[2021-02-11T00:15:24.838+0800][12.291s] GC(0) User=0.00s Sys=0.00s Real=0.00s
[2021-02-11T00:15:24.838+0800][12.291s] GC(0) Concurrent Preclean
[2021-02-11T00:15:24.839+0800][12.292s] GC(0) Concurrent Preclean 0.894ms
[2021-02-11T00:15:24.839+0800][12.292s] GC(0) User=0.00s Sys=0.00s Real=0.00s
[2021-02-11T00:15:24.839+0800][12.292s] GC(0) Concurrent Abortable Preclean
[2021-02-11T00:15:25.276+0800][12.729s] GC(1) Pause Young (Allocation Failure)
[2021-02-11T00:15:25.276+0800][12.729s] GC(1) Using 4 workers of 4 for evacuation
[2021-02-11T00:15:25.290+0800][12.743s] GC(1) ParNew: 87424K->10141K(109248K)
[2021-02-11T00:15:25.290+0800][12.743s] GC(1) CMS: 0K->0K(393216K)
[2021-02-11T00:15:25.290+0800][12.743s] GC(1) Metaspace: 22833K->22833K(1071104K)
[2021-02-11T00:15:25.290+0800][12.743s] GC(1) Pause Young (Allocation Failure) 85M->9M(490M) 13.944ms
[2021-02-11T00:15:25.290+0800][12.743s] GC(1) User=0.06s Sys=0.00s Real=0.01s
[2021-02-11T00:15:27.977+0800][15.430s] GC(0) Concurrent Abortable Preclean 3137.741ms
[2021-02-11T00:15:27.977+0800][15.430s] GC(0) User=3.28s Sys=0.27s Real=3.14s
[2021-02-11T00:15:27.977+0800][15.430s] GC(0) Pause Remark
[2021-02-11T00:15:27.977+0800][15.430s] GC(2) Pause Young (CMS Final Remark)
[2021-02-11T00:15:27.977+0800][15.430s] GC(2) Using 4 workers of 4 for evacuation
[2021-02-11T00:15:27.986+0800][15.439s] GC(2) ParNew: 64637K->13045K(109248K)
[2021-02-11T00:15:27.986+0800][15.439s] GC(2) CMS: 0K->0K(393216K)
[2021-02-11T00:15:27.986+0800][15.439s] GC(2) Metaspace: 27266K->27266K(1075200K)
[2021-02-11T00:15:27.986+0800][15.439s] GC(2) Pause Young (CMS Final Remark) 63M->12M(490M) 9.068ms
[2021-02-11T00:15:27.986+0800][15.439s] GC(2) User=0.06s Sys=0.00s Real=0.01s
[2021-02-11T00:15:27.995+0800][15.449s] GC(0) Pause Remark 63M->12M(490M) 18.604ms
[2021-02-11T00:15:27.996+0800][15.449s] GC(0) User=0.06s Sys=0.00s Real=0.02s
[2021-02-11T00:15:27.996+0800][15.449s] GC(0) Concurrent Sweep
[2021-02-11T00:15:27.996+0800][15.449s] GC(0) Concurrent Sweep 0.054ms
[2021-02-11T00:15:27.996+0800][15.449s] GC(0) User=0.00s Sys=0.00s Real=0.00s
[2021-02-11T00:15:27.996+0800][15.449s] GC(0) Concurrent Reset
[2021-02-11T00:15:28.000+0800][15.453s] GC(0) Concurrent Reset 4.093ms
[2021-02-11T00:15:28.000+0800][15.453s] GC(0) User=0.00s Sys=0.00s Real=0.00s
[2021-02-11T00:15:28.000+0800][15.453s] GC(0) Old: 0K->0K(393216K)
[2021-02-11T00:16:07.929+0800][55.383s] GC(3) Pause Young (Allocation Failure)
[2021-02-11T00:16:07.930+0800][55.383s] GC(3) Using 4 workers of 4 for evacuation
[2021-02-11T00:16:07.943+0800][55.396s] GC(3) ParNew: 100469K->21824K(109248K)
[2021-02-11T00:16:07.943+0800][55.396s] GC(3) CMS: 0K->167K(393216K)
[2021-02-11T00:16:07.944+0800][55.396s] GC(3) Metaspace: 36418K->36418K(1083392K)
[2021-02-11T00:16:07.944+0800][55.396s] GC(3) Pause Young (Allocation Failure) 98M->21M(490M) 13.784ms
[2021-02-11T00:16:07.944+0800][55.396s] GC(3) User=0.06s Sys=0.00s Real=0.02s
[2021-02-11T00:16:08.828+0800][56.281s] GC(4) Pause Young (Allocation Failure)
[2021-02-11T00:16:08.828+0800][56.281s] GC(4) Using 4 workers of 4 for evacuation
[2021-02-11T00:16:08.841+0800][56.294s] GC(4) ParNew: 109248K->21824K(109248K)
[2021-02-11T00:16:08.841+0800][56.294s] GC(4) CMS: 167K->375K(393216K)
[2021-02-11T00:16:08.841+0800][56.294s] GC(4) Metaspace: 38101K->38101K(1083392K)
[2021-02-11T00:16:08.841+0800][56.294s] GC(4) Pause Young (Allocation Failure) 106M->21M(490M) 12.906ms
[2021-02-11T00:16:08.841+0800][56.294s] GC(4) User=0.06s Sys=0.00s Real=0.01s
[2021-02-11T00:16:09.219+0800][56.673s] GC(5) Pause Young (Allocation Failure)
[2021-02-11T00:16:09.220+0800][56.673s] GC(5) Using 4 workers of 4 for evacuation
[2021-02-11T00:16:09.237+0800][56.690s] GC(5) ParNew: 109248K->21824K(109248K)
[2021-02-11T00:16:09.238+0800][56.691s] GC(5) CMS: 375K->1000K(393216K)
[2021-02-11T00:16:09.238+0800][56.691s] GC(5) Metaspace: 39132K->39132K(1085440K)
[2021-02-11T00:16:09.238+0800][56.691s] GC(5) Pause Young (Allocation Failure) 107M->22M(490M) 17.837ms
[2021-02-11T00:16:09.238+0800][56.691s] GC(5) User=0.08s Sys=0.02s Real=0.02s
[2021-02-11T00:16:10.671+0800][58.123s] GC(6) Pause Young (Allocation Failure)
[2021-02-11T00:16:10.671+0800][58.123s] GC(6) Using 4 workers of 4 for evacuation
[2021-02-11T00:16:10.687+0800][58.140s] GC(6) ParNew: 109248K->21824K(109248K)
[2021-02-11T00:16:10.687+0800][58.140s] GC(6) CMS: 1000K->3740K(393216K)
[2021-02-11T00:16:10.687+0800][58.140s] GC(6) Metaspace: 43759K->43759K(1089536K)
[2021-02-11T00:16:10.687+0800][58.140s] GC(6) Pause Young (Allocation Failure) 107M->24M(490M) 16.793ms
[2021-02-11T00:16:10.687+0800][58.140s] GC(6) User=0.05s Sys=0.00s Real=0.02s
[2021-02-11T00:16:16.687+0800][64.140s] GC(7) Pause Initial Mark
[2021-02-11T00:16:16.696+0800][64.149s] GC(7) Pause Initial Mark 77M->77M(490M) 8.824ms
[2021-02-11T00:16:16.696+0800][64.149s] GC(7) User=0.06s Sys=0.00s Real=0.01s
[2021-02-11T00:16:16.696+0800][64.149s] GC(7) Concurrent Mark
[2021-02-11T00:16:16.696+0800][64.149s] GC(7) Using 4 workers of 4 for marking
[2021-02-11T00:16:16.698+0800][64.151s] GC(7) Concurrent Mark 2.044ms
[2021-02-11T00:16:16.698+0800][64.151s] GC(7) User=0.00s Sys=0.00s Real=0.00s
[2021-02-11T00:16:16.698+0800][64.151s] GC(7) Concurrent Preclean
[2021-02-11T00:16:16.699+0800][64.152s] GC(7) Concurrent Preclean 0.682ms
[2021-02-11T00:16:16.699+0800][64.152s] GC(7) User=0.00s Sys=0.00s Real=0.00s
[2021-02-11T00:16:16.699+0800][64.152s] GC(7) Concurrent Abortable Preclean
[2021-02-11T00:16:22.752+0800][70.206s] GC(7) Concurrent Abortable Preclean 6053.755ms
[2021-02-11T00:16:22.752+0800][70.206s] GC(7) User=2.34s Sys=0.02s Real=6.05s
[2021-02-11T00:16:22.752+0800][70.206s] GC(7) Pause Remark
[2021-02-11T00:16:22.753+0800][70.206s] GC(8) Pause Young (CMS Final Remark)
[2021-02-11T00:16:22.753+0800][70.206s] GC(8) Using 4 workers of 4 for evacuation
[2021-02-11T00:16:22.769+0800][70.222s] GC(8) ParNew: 77031K->21824K(109248K)
[2021-02-11T00:16:22.769+0800][70.222s] GC(8) CMS: 3740K->5699K(393216K)
[2021-02-11T00:16:22.769+0800][70.222s] GC(8) Metaspace: 46366K->46366K(1091584K)
[2021-02-11T00:16:22.769+0800][70.222s] GC(8) Pause Young (CMS Final Remark) 78M->26M(490M) 15.842ms
[2021-02-11T00:16:22.769+0800][70.222s] GC(8) User=0.06s Sys=0.00s Real=0.02s
[2021-02-11T00:16:22.781+0800][70.235s] GC(7) Pause Remark 78M->26M(490M) 29.246ms
[2021-02-11T00:16:22.781+0800][70.235s] GC(7) User=0.06s Sys=0.00s Real=0.03s
[2021-02-11T00:16:22.782+0800][70.235s] GC(7) Concurrent Sweep
[2021-02-11T00:16:22.783+0800][70.237s] GC(7) Concurrent Sweep 1.796ms
[2021-02-11T00:16:22.783+0800][70.237s] GC(7) User=0.00s Sys=0.00s Real=0.00s
[2021-02-11T00:16:22.783+0800][70.237s] GC(7) Concurrent Reset
[2021-02-11T00:16:22.784+0800][70.237s] GC(7) Concurrent Reset 0.276ms
[2021-02-11T00:16:22.784+0800][70.237s] GC(7) User=0.00s Sys=0.00s Real=0.00s
[2021-02-11T00:16:22.784+0800][70.237s] GC(7) Old: 3740K->5527K(393216K)
